// Jest Snapshot v1, https://goo.gl/fbAQLP

exports[`Catalog component should render as expected 1`] = `
<div
  className="catalog"
/>
`;
